../Core/Src/main.c:96:6:HAL_UART_RxCpltCallback	16	static
../Core/Src/main.c:101:7:replace	48	static
../Core/Src/main.c:142:5:main	56	static
../Core/Src/main.c:228:6:SystemClock_Config	120	static
../Core/Src/main.c:288:13:MX_ETH_Init	8	static
../Core/Src/main.c:337:13:MX_UART4_Init	8	static
../Core/Src/main.c:385:13:MX_USART3_UART_Init	8	static
../Core/Src/main.c:433:13:MX_USB_OTG_HS_USB_Init	4	static
../Core/Src/main.c:454:13:MX_GPIO_Init	56	static
../Core/Src/main.c:537:6:Error_Handler	4	static,ignoring_inline_asm
